steam
steam
steam
steam
christmas tree
christmas tree
christmas tree
christmas tree
???
???
